// Vitest Snapshot v1, https://vitest.dev/guide/snapshot.html

exports[`CadaPrioClient > throws in case of fetching problems 1`] = `"{"entries":[{"hgncId":"HGNC:12786","ncbiGeneId":"7476","geneSymbol":"WNT7A","rank":1,"score":76.84823608398438},{"hgncId":"HGNC:11098","ncbiGeneId":"6595","geneSymbol":"SMARCA2","rank":2,"score":76.46592712402344},{"hgncId":"HGNC:25789","ncbiGeneId":"79631","geneSymbol":"EFL1","rank":3,"score":69.20905303955078},{"hgncId":"HGNC:11301","ncbiGeneId":"6729","geneSymbol":"SRP54","rank":4,"score":65.58743286132812},{"hgncId":"HGNC:5154","ncbiGeneId":"3248","geneSymbol":"HPGD","rank":5,"score":63.857845306396484},{"hgncId":"HGNC:4122","ncbiGeneId":"2588","geneSymbol":"GALNS","rank":6,"score":63.840911865234375},{"hgncId":"HGNC:27030","ncbiGeneId":"134218","geneSymbol":"DNAJC21","rank":7,"score":63.35689926147461},{"hgncId":"HGNC:7866","ncbiGeneId":"9241","geneSymbol":"NOG","rank":8,"score":63.207393646240234},{"hgncId":"HGNC:27230","ncbiGeneId":"157570","geneSymbol":"ESCO2","rank":9,"score":63.09525680541992},{"hgncId":"HGNC:2186","ncbiGeneId":"1301","geneSymbol":"COL11A1","rank":10,"score":61.24506378173828},{"hgncId":"HGNC:9587","ncbiGeneId":"9791","geneSymbol":"PTDSS1","rank":11,"score":60.995365142822266},{"hgncId":"HGNC:25507","ncbiGeneId":"55697","geneSymbol":"VAC14","rank":12,"score":60.21630859375},{"hgncId":"HGNC:11602","ncbiGeneId":"6926","geneSymbol":"TBX3","rank":13,"score":59.911136627197266},{"hgncId":"HGNC:4573","ncbiGeneId":"2892","geneSymbol":"GRIA3","rank":14,"score":59.312957763671875},{"hgncId":"HGNC:34016","ncbiGeneId":"100151683","geneSymbol":"RNU4ATAC","rank":15,"score":59.29935836791992},{"hgncId":"HGNC:4220","ncbiGeneId":"8200","geneSymbol":"GDF5","rank":16,"score":58.710994720458984},{"hgncId":"HGNC:23068","ncbiGeneId":"6399","geneSymbol":"TRAPPC2","rank":17,"score":56.57151412963867},{"hgncId":"HGNC:5956","ncbiGeneId":"3549","geneSymbol":"IHH","rank":18,"score":55.67450714111328},{"hgncId":"HGNC:16068","ncbiGeneId":"5116","geneSymbol":"PCNT","rank":19,"score":55.3505859375}]}"`;
