// Vitest Snapshot v1, https://vitest.dev/guide/snapshot.html

exports[`MehariClient/seqvar > fails to fetch variant info with wrong variant 1`] = `"{"version":{"txDb":"0.5.0","mehari":"0.7.0"},"query":{"genomeRelease":"grch37","chromosome":"chr17","position":41197751,"reference":"G","alternative":"T","hgncId":null},"result":[{"consequences":["MissenseVariant"],"putativeImpact":"Moderate","geneSymbol":"BRCA1","geneId":"HGNC:1100","featureType":{"SoTerm":{"term":"Transcript"}},"featureId":"NM_007294.4","featureBiotype":"Coding","featureTag":["ManeSelect"],"rank":{"total":23},"hgvsT":"c.5536C>A","hgvsP":"p.Q1846K","txPos":{"ord":5649,"total":7088},"cdsPos":{"ord":5536,"total":5592},"proteinPos":{"ord":1846,"total":1864},"distance":-1440},{"consequences":["MissenseVariant"],"putativeImpact":"Moderate","geneSymbol":"BRCA1","geneId":"HGNC:1100","featureType":{"SoTerm":{"term":"Transcript"}},"featureId":"NM_007297.4","featureBiotype":"Coding","rank":{"total":22},"hgvsT":"c.5395C>A","hgvsP":"p.Q1799K","txPos":{"ord":5589,"total":7028},"cdsPos":{"ord":5395,"total":5451},"proteinPos":{"ord":1799,"total":1817},"distance":-1440},{"consequences":["MissenseVariant"],"putativeImpact":"Moderate","geneSymbol":"BRCA1","geneId":"HGNC:1100","featureType":{"SoTerm":{"term":"Transcript"}},"featureId":"NM_007298.3","featureBiotype":"Coding","rank":{"total":22},"hgvsT":"c.2224C>A","hgvsP":"p.Q742K","txPos":{"ord":2243,"total":3682},"cdsPos":{"ord":2224,"total":2280},"proteinPos":{"ord":742,"total":760},"distance":-1440},{"consequences":["MissenseVariant"],"putativeImpact":"Moderate","geneSymbol":"BRCA1","geneId":"HGNC:1100","featureType":{"SoTerm":{"term":"Transcript"}},"featureId":"NM_007300.4","featureBiotype":"Coding","rank":{"total":24},"hgvsT":"c.5599C>A","hgvsP":"p.Q1867K","txPos":{"ord":5712,"total":7151},"cdsPos":{"ord":5599,"total":5655},"proteinPos":{"ord":1867,"total":1885},"distance":-1440},{"consequences":["ThreePrimeUtrVariant"],"putativeImpact":"Modifier","geneSymbol":"BRCA1","geneId":"HGNC:1100","featureType":{"SoTerm":{"term":"Transcript"}},"featureId":"NM_007299.4","featureBiotype":"Coding","rank":{"total":22},"hgvsT":"c.*50C>A","hgvsP":"p.?","txPos":{"ord":2257,"total":3696},"cdsPos":{"ord":50,"total":2100},"distance":-1440}]}"`;

exports[`MehariClient/seqvar > fails to fetch variant info with wrong variant 2`] = `"{"version":{"txDb":"0.5.0","mehari":"0.7.0"},"query":{"genomeRelease":"grch37","chromosome":"chr17","position":41197751,"reference":"G","alternative":"T","hgncId":null},"result":[{"consequences":["MissenseVariant"],"putativeImpact":"Moderate","geneSymbol":"BRCA1","geneId":"HGNC:1100","featureType":{"SoTerm":{"term":"Transcript"}},"featureId":"NM_007294.4","featureBiotype":"Coding","featureTag":["ManeSelect"],"rank":{"total":23},"hgvsT":"c.5536C>A","hgvsP":"p.Q1846K","txPos":{"ord":5649,"total":7088},"cdsPos":{"ord":5536,"total":5592},"proteinPos":{"ord":1846,"total":1864},"distance":-1440},{"consequences":["MissenseVariant"],"putativeImpact":"Moderate","geneSymbol":"BRCA1","geneId":"HGNC:1100","featureType":{"SoTerm":{"term":"Transcript"}},"featureId":"NM_007297.4","featureBiotype":"Coding","rank":{"total":22},"hgvsT":"c.5395C>A","hgvsP":"p.Q1799K","txPos":{"ord":5589,"total":7028},"cdsPos":{"ord":5395,"total":5451},"proteinPos":{"ord":1799,"total":1817},"distance":-1440},{"consequences":["MissenseVariant"],"putativeImpact":"Moderate","geneSymbol":"BRCA1","geneId":"HGNC:1100","featureType":{"SoTerm":{"term":"Transcript"}},"featureId":"NM_007298.3","featureBiotype":"Coding","rank":{"total":22},"hgvsT":"c.2224C>A","hgvsP":"p.Q742K","txPos":{"ord":2243,"total":3682},"cdsPos":{"ord":2224,"total":2280},"proteinPos":{"ord":742,"total":760},"distance":-1440},{"consequences":["MissenseVariant"],"putativeImpact":"Moderate","geneSymbol":"BRCA1","geneId":"HGNC:1100","featureType":{"SoTerm":{"term":"Transcript"}},"featureId":"NM_007300.4","featureBiotype":"Coding","rank":{"total":24},"hgvsT":"c.5599C>A","hgvsP":"p.Q1867K","txPos":{"ord":5712,"total":7151},"cdsPos":{"ord":5599,"total":5655},"proteinPos":{"ord":1867,"total":1885},"distance":-1440},{"consequences":["ThreePrimeUtrVariant"],"putativeImpact":"Modifier","geneSymbol":"BRCA1","geneId":"HGNC:1100","featureType":{"SoTerm":{"term":"Transcript"}},"featureId":"NM_007299.4","featureBiotype":"Coding","rank":{"total":22},"hgvsT":"c.*50C>A","hgvsP":"p.?","txPos":{"ord":2257,"total":3696},"cdsPos":{"ord":50,"total":2100},"distance":-1440}]}"`;

exports[`MehariClient/strucvar > fails to fetch variant info with wrong variant 1`] = `"{"version":{"txDb":"0.5.0","mehari":"0.8.0"},"query":{"genomeRelease":"grch37","chromosome":"chr17"},"result":[{"hgncId":"HGNC:16919","transcriptEffects":["upstream_variant"]},{"hgncId":"HGNC:1100","transcriptEffects":["transcript_variant","exon_variant","splice_region_variant","intron_variant","upstream_variant","downstream_variant"]},{"hgncId":"HGNC:18315","transcriptEffects":["transcript_variant","exon_variant","splice_region_variant","intron_variant","upstream_variant","downstream_variant"]},{"hgncId":"HGNC:20691","transcriptEffects":["upstream_variant"]}]}"`;
