// Vitest Snapshot v1, https://vitest.dev/guide/snapshot.html

exports[`Cada Prio Store > should predict gene impact 1`] = `
[
  {
    "geneSymbol": "WNT7A",
    "hgncId": "HGNC:12786",
    "ncbiGeneId": "7476",
    "rank": 1,
    "score": 76.84823608398438,
  },
  {
    "geneSymbol": "SMARCA2",
    "hgncId": "HGNC:11098",
    "ncbiGeneId": "6595",
    "rank": 2,
    "score": 76.46592712402344,
  },
  {
    "geneSymbol": "EFL1",
    "hgncId": "HGNC:25789",
    "ncbiGeneId": "79631",
    "rank": 3,
    "score": 69.20905303955078,
  },
  {
    "geneSymbol": "SRP54",
    "hgncId": "HGNC:11301",
    "ncbiGeneId": "6729",
    "rank": 4,
    "score": 65.58743286132812,
  },
  {
    "geneSymbol": "HPGD",
    "hgncId": "HGNC:5154",
    "ncbiGeneId": "3248",
    "rank": 5,
    "score": 63.857845306396484,
  },
  {
    "geneSymbol": "GALNS",
    "hgncId": "HGNC:4122",
    "ncbiGeneId": "2588",
    "rank": 6,
    "score": 63.840911865234375,
  },
  {
    "geneSymbol": "DNAJC21",
    "hgncId": "HGNC:27030",
    "ncbiGeneId": "134218",
    "rank": 7,
    "score": 63.35689926147461,
  },
  {
    "geneSymbol": "NOG",
    "hgncId": "HGNC:7866",
    "ncbiGeneId": "9241",
    "rank": 8,
    "score": 63.207393646240234,
  },
  {
    "geneSymbol": "ESCO2",
    "hgncId": "HGNC:27230",
    "ncbiGeneId": "157570",
    "rank": 9,
    "score": 63.09525680541992,
  },
  {
    "geneSymbol": "COL11A1",
    "hgncId": "HGNC:2186",
    "ncbiGeneId": "1301",
    "rank": 10,
    "score": 61.24506378173828,
  },
  {
    "geneSymbol": "PTDSS1",
    "hgncId": "HGNC:9587",
    "ncbiGeneId": "9791",
    "rank": 11,
    "score": 60.995365142822266,
  },
  {
    "geneSymbol": "VAC14",
    "hgncId": "HGNC:25507",
    "ncbiGeneId": "55697",
    "rank": 12,
    "score": 60.21630859375,
  },
  {
    "geneSymbol": "TBX3",
    "hgncId": "HGNC:11602",
    "ncbiGeneId": "6926",
    "rank": 13,
    "score": 59.911136627197266,
  },
  {
    "geneSymbol": "GRIA3",
    "hgncId": "HGNC:4573",
    "ncbiGeneId": "2892",
    "rank": 14,
    "score": 59.312957763671875,
  },
  {
    "geneSymbol": "RNU4ATAC",
    "hgncId": "HGNC:34016",
    "ncbiGeneId": "100151683",
    "rank": 15,
    "score": 59.29935836791992,
  },
  {
    "geneSymbol": "GDF5",
    "hgncId": "HGNC:4220",
    "ncbiGeneId": "8200",
    "rank": 16,
    "score": 58.710994720458984,
  },
  {
    "geneSymbol": "TRAPPC2",
    "hgncId": "HGNC:23068",
    "ncbiGeneId": "6399",
    "rank": 17,
    "score": 56.57151412963867,
  },
  {
    "geneSymbol": "IHH",
    "hgncId": "HGNC:5956",
    "ncbiGeneId": "3549",
    "rank": 18,
    "score": 55.67450714111328,
  },
  {
    "geneSymbol": "PCNT",
    "hgncId": "HGNC:16068",
    "ncbiGeneId": "5116",
    "rank": 19,
    "score": 55.3505859375,
  },
]
`;
